// Jest Snapshot v1, https://goo.gl/fbAQLP

exports[`<Transactions /> The component matches the snapshot 1`] = `
ShallowWrapper {
  "complexSelector": ComplexSelector {
    "buildPredicate": [Function],
    "childrenOfNode": [Function],
    "findWhereUnwrapped": [Function],
  },
  "length": 1,
  "node": <section
    className="transactions"
>
    <h2>
        Transactions 
        <Link
            className="actionlink"
            onlyActiveOnIndex={false}
            style={Object {}}
            to="/transactions/add"
        >
            Add new transaction
        </Link>
    </h2>
    <table
        className="financials -transactions"
    >
        <thead>
            <tr>
                <th
                    className=" filterable"
                    data-orderby="name-asc"
                    onClick={[Function]}
                >
                    Name
                </th>
                <th
                    className="activefilter"
                    data-orderby="date-desc"
                    onClick={[Function]}
                >
                    Date
                </th>
                <th
                    className=""
                    data-orderby="amount-asc"
                    onClick={[Function]}
                >
                    Amount
                </th>
                <th
                    className="actions nobor"
                >
                     
                </th>
                <th
                    className="actions nobor"
                >
                     
                </th>
            </tr>
        </thead>
        <tbody>
            <Connect(Transaction)
                transaction={
                    Object {
                        "__v": 0,
                        "_id": "58890108df9d3e0905a2d605",
                        "amount": 6.25,
                        "date": "2017-05-25T00:00:00.000Z",
                        "name": "Monmouth Coffee",
                        "user": "58c2a33cc6cd5a5d15a8fc0c",
                      }
                }
                transactions={
                    Array [
                        Object {
                          "__v": 0,
                          "_id": "588900efdf9d3e0905a2d604",
                          "amount": 4.5,
                          "date": "2017-05-01T00:00:00.000Z",
                          "name": "Cashew Nuts",
                          "user": "58c2a33cc6cd5a5d15a8fc0c",
                        },
                        Object {
                          "__v": 0,
                          "_id": "58890108df9d3e0905a2d605",
                          "amount": 6.25,
                          "date": "2017-05-25T00:00:00.000Z",
                          "name": "Monmouth Coffee",
                          "user": "58c2a33cc6cd5a5d15a8fc0c",
                        },
                        Object {
                          "__v": 0,
                          "_id": "588b67fbada9d2040bee4ef4",
                          "amount": 399,
                          "date": "2017-02-27T00:00:00.000Z",
                          "name": "Flight to Copenhagen",
                          "user": "58c2a33cc6cd5a5d15a8fc0c",
                        },
                      ]
                }
            />
            <Connect(Transaction)
                transaction={
                    Object {
                        "__v": 0,
                        "_id": "588900efdf9d3e0905a2d604",
                        "amount": 4.5,
                        "date": "2017-05-01T00:00:00.000Z",
                        "name": "Cashew Nuts",
                        "user": "58c2a33cc6cd5a5d15a8fc0c",
                      }
                }
                transactions={
                    Array [
                        Object {
                          "__v": 0,
                          "_id": "588900efdf9d3e0905a2d604",
                          "amount": 4.5,
                          "date": "2017-05-01T00:00:00.000Z",
                          "name": "Cashew Nuts",
                          "user": "58c2a33cc6cd5a5d15a8fc0c",
                        },
                        Object {
                          "__v": 0,
                          "_id": "58890108df9d3e0905a2d605",
                          "amount": 6.25,
                          "date": "2017-05-25T00:00:00.000Z",
                          "name": "Monmouth Coffee",
                          "user": "58c2a33cc6cd5a5d15a8fc0c",
                        },
                        Object {
                          "__v": 0,
                          "_id": "588b67fbada9d2040bee4ef4",
                          "amount": 399,
                          "date": "2017-02-27T00:00:00.000Z",
                          "name": "Flight to Copenhagen",
                          "user": "58c2a33cc6cd5a5d15a8fc0c",
                        },
                      ]
                }
            />
            <Connect(Transaction)
                transaction={
                    Object {
                        "__v": 0,
                        "_id": "588b67fbada9d2040bee4ef4",
                        "amount": 399,
                        "date": "2017-02-27T00:00:00.000Z",
                        "name": "Flight to Copenhagen",
                        "user": "58c2a33cc6cd5a5d15a8fc0c",
                      }
                }
                transactions={
                    Array [
                        Object {
                          "__v": 0,
                          "_id": "588900efdf9d3e0905a2d604",
                          "amount": 4.5,
                          "date": "2017-05-01T00:00:00.000Z",
                          "name": "Cashew Nuts",
                          "user": "58c2a33cc6cd5a5d15a8fc0c",
                        },
                        Object {
                          "__v": 0,
                          "_id": "58890108df9d3e0905a2d605",
                          "amount": 6.25,
                          "date": "2017-05-25T00:00:00.000Z",
                          "name": "Monmouth Coffee",
                          "user": "58c2a33cc6cd5a5d15a8fc0c",
                        },
                        Object {
                          "__v": 0,
                          "_id": "588b67fbada9d2040bee4ef4",
                          "amount": 399,
                          "date": "2017-02-27T00:00:00.000Z",
                          "name": "Flight to Copenhagen",
                          "user": "58c2a33cc6cd5a5d15a8fc0c",
                        },
                      ]
                }
            />
        </tbody>
    </table>
</section>,
  "nodes": Array [
    <section
      className="transactions"
>
      <h2>
            Transactions 
            <Link
                  className="actionlink"
                  onlyActiveOnIndex={false}
                  style={Object {}}
                  to="/transactions/add"
            >
                  Add new transaction
            </Link>
      </h2>
      <table
            className="financials -transactions"
      >
            <thead>
                  <tr>
                        <th
                              className=" filterable"
                              data-orderby="name-asc"
                              onClick={[Function]}
                        >
                              Name
                        </th>
                        <th
                              className="activefilter"
                              data-orderby="date-desc"
                              onClick={[Function]}
                        >
                              Date
                        </th>
                        <th
                              className=""
                              data-orderby="amount-asc"
                              onClick={[Function]}
                        >
                              Amount
                        </th>
                        <th
                              className="actions nobor"
                        >
                               
                        </th>
                        <th
                              className="actions nobor"
                        >
                               
                        </th>
                  </tr>
            </thead>
            <tbody>
                  <Connect(Transaction)
                        transaction={
                              Object {
                                    "__v": 0,
                                    "_id": "58890108df9d3e0905a2d605",
                                    "amount": 6.25,
                                    "date": "2017-05-25T00:00:00.000Z",
                                    "name": "Monmouth Coffee",
                                    "user": "58c2a33cc6cd5a5d15a8fc0c",
                                  }
                        }
                        transactions={
                              Array [
                                    Object {
                                      "__v": 0,
                                      "_id": "588900efdf9d3e0905a2d604",
                                      "amount": 4.5,
                                      "date": "2017-05-01T00:00:00.000Z",
                                      "name": "Cashew Nuts",
                                      "user": "58c2a33cc6cd5a5d15a8fc0c",
                                    },
                                    Object {
                                      "__v": 0,
                                      "_id": "58890108df9d3e0905a2d605",
                                      "amount": 6.25,
                                      "date": "2017-05-25T00:00:00.000Z",
                                      "name": "Monmouth Coffee",
                                      "user": "58c2a33cc6cd5a5d15a8fc0c",
                                    },
                                    Object {
                                      "__v": 0,
                                      "_id": "588b67fbada9d2040bee4ef4",
                                      "amount": 399,
                                      "date": "2017-02-27T00:00:00.000Z",
                                      "name": "Flight to Copenhagen",
                                      "user": "58c2a33cc6cd5a5d15a8fc0c",
                                    },
                                  ]
                        }
                  />
                  <Connect(Transaction)
                        transaction={
                              Object {
                                    "__v": 0,
                                    "_id": "588900efdf9d3e0905a2d604",
                                    "amount": 4.5,
                                    "date": "2017-05-01T00:00:00.000Z",
                                    "name": "Cashew Nuts",
                                    "user": "58c2a33cc6cd5a5d15a8fc0c",
                                  }
                        }
                        transactions={
                              Array [
                                    Object {
                                      "__v": 0,
                                      "_id": "588900efdf9d3e0905a2d604",
                                      "amount": 4.5,
                                      "date": "2017-05-01T00:00:00.000Z",
                                      "name": "Cashew Nuts",
                                      "user": "58c2a33cc6cd5a5d15a8fc0c",
                                    },
                                    Object {
                                      "__v": 0,
                                      "_id": "58890108df9d3e0905a2d605",
                                      "amount": 6.25,
                                      "date": "2017-05-25T00:00:00.000Z",
                                      "name": "Monmouth Coffee",
                                      "user": "58c2a33cc6cd5a5d15a8fc0c",
                                    },
                                    Object {
                                      "__v": 0,
                                      "_id": "588b67fbada9d2040bee4ef4",
                                      "amount": 399,
                                      "date": "2017-02-27T00:00:00.000Z",
                                      "name": "Flight to Copenhagen",
                                      "user": "58c2a33cc6cd5a5d15a8fc0c",
                                    },
                                  ]
                        }
                  />
                  <Connect(Transaction)
                        transaction={
                              Object {
                                    "__v": 0,
                                    "_id": "588b67fbada9d2040bee4ef4",
                                    "amount": 399,
                                    "date": "2017-02-27T00:00:00.000Z",
                                    "name": "Flight to Copenhagen",
                                    "user": "58c2a33cc6cd5a5d15a8fc0c",
                                  }
                        }
                        transactions={
                              Array [
                                    Object {
                                      "__v": 0,
                                      "_id": "588900efdf9d3e0905a2d604",
                                      "amount": 4.5,
                                      "date": "2017-05-01T00:00:00.000Z",
                                      "name": "Cashew Nuts",
                                      "user": "58c2a33cc6cd5a5d15a8fc0c",
                                    },
                                    Object {
                                      "__v": 0,
                                      "_id": "58890108df9d3e0905a2d605",
                                      "amount": 6.25,
                                      "date": "2017-05-25T00:00:00.000Z",
                                      "name": "Monmouth Coffee",
                                      "user": "58c2a33cc6cd5a5d15a8fc0c",
                                    },
                                    Object {
                                      "__v": 0,
                                      "_id": "588b67fbada9d2040bee4ef4",
                                      "amount": 399,
                                      "date": "2017-02-27T00:00:00.000Z",
                                      "name": "Flight to Copenhagen",
                                      "user": "58c2a33cc6cd5a5d15a8fc0c",
                                    },
                                  ]
                        }
                  />
            </tbody>
      </table>
</section>,
  ],
  "options": Object {},
  "renderer": ReactShallowRenderer {
    "_instance":  {
      "_calledComponentWillUnmount": false,
      "_compositeType": 0,
      "_context": Object {},
      "_currentElement": <Transactions
        transactions={
                Array [
                        Object {
                          "__v": 0,
                          "_id": "588900efdf9d3e0905a2d604",
                          "amount": 4.5,
                          "date": "2017-05-01T00:00:00.000Z",
                          "name": "Cashew Nuts",
                          "user": "58c2a33cc6cd5a5d15a8fc0c",
                        },
                        Object {
                          "__v": 0,
                          "_id": "58890108df9d3e0905a2d605",
                          "amount": 6.25,
                          "date": "2017-05-25T00:00:00.000Z",
                          "name": "Monmouth Coffee",
                          "user": "58c2a33cc6cd5a5d15a8fc0c",
                        },
                        Object {
                          "__v": 0,
                          "_id": "588b67fbada9d2040bee4ef4",
                          "amount": 399,
                          "date": "2017-02-27T00:00:00.000Z",
                          "name": "Flight to Copenhagen",
                          "user": "58c2a33cc6cd5a5d15a8fc0c",
                        },
                      ]
        }
/>,
      "_debugID": 1,
      "_hostContainerInfo": null,
      "_hostParent": null,
      "_instance": Transactions {
        "_reactInternalInstance": [Circular],
        "context": Object {},
        "orderBy": [Function],
        "props": Object {
          "transactions": Array [
            Object {
              "__v": 0,
              "_id": "588900efdf9d3e0905a2d604",
              "amount": 4.5,
              "date": "2017-05-01T00:00:00.000Z",
              "name": "Cashew Nuts",
              "user": "58c2a33cc6cd5a5d15a8fc0c",
            },
            Object {
              "__v": 0,
              "_id": "58890108df9d3e0905a2d605",
              "amount": 6.25,
              "date": "2017-05-25T00:00:00.000Z",
              "name": "Monmouth Coffee",
              "user": "58c2a33cc6cd5a5d15a8fc0c",
            },
            Object {
              "__v": 0,
              "_id": "588b67fbada9d2040bee4ef4",
              "amount": 399,
              "date": "2017-02-27T00:00:00.000Z",
              "name": "Flight to Copenhagen",
              "user": "58c2a33cc6cd5a5d15a8fc0c",
            },
          ],
        },
        "refs": Object {},
        "state": Object {
          "orderBy": "date-desc",
        },
        "updater": Object {
          "enqueueCallback": [Function],
          "enqueueCallbackInternal": [Function],
          "enqueueElementInternal": [Function],
          "enqueueForceUpdate": [Function],
          "enqueueReplaceState": [Function],
          "enqueueSetState": [Function],
          "isMounted": [Function],
          "validateCallback": [Function],
        },
      },
      "_mountOrder": 1,
      "_pendingCallbacks": null,
      "_pendingElement": null,
      "_pendingForceUpdate": false,
      "_pendingReplaceState": false,
      "_pendingStateQueue": null,
      "_renderedComponent": NoopInternalComponent {
        "_currentElement": <section
          className="transactions"
>
          <h2>
                    Transactions 
                    <Link
                              className="actionlink"
                              onlyActiveOnIndex={false}
                              style={Object {}}
                              to="/transactions/add"
                    >
                              Add new transaction
                    </Link>
          </h2>
          <table
                    className="financials -transactions"
          >
                    <thead>
                              <tr>
                                        <th
                                                  className=" filterable"
                                                  data-orderby="name-asc"
                                                  onClick={[Function]}
                                        >
                                                  Name
                                        </th>
                                        <th
                                                  className="activefilter"
                                                  data-orderby="date-desc"
                                                  onClick={[Function]}
                                        >
                                                  Date
                                        </th>
                                        <th
                                                  className=""
                                                  data-orderby="amount-asc"
                                                  onClick={[Function]}
                                        >
                                                  Amount
                                        </th>
                                        <th
                                                  className="actions nobor"
                                        >
                                                   
                                        </th>
                                        <th
                                                  className="actions nobor"
                                        >
                                                   
                                        </th>
                              </tr>
                    </thead>
                    <tbody>
                              <Connect(Transaction)
                                        transaction={
                                                  Object {
                                                            "__v": 0,
                                                            "_id": "58890108df9d3e0905a2d605",
                                                            "amount": 6.25,
                                                            "date": "2017-05-25T00:00:00.000Z",
                                                            "name": "Monmouth Coffee",
                                                            "user": "58c2a33cc6cd5a5d15a8fc0c",
                                                          }
                                        }
                                        transactions={
                                                  Array [
                                                            Object {
                                                              "__v": 0,
                                                              "_id": "588900efdf9d3e0905a2d604",
                                                              "amount": 4.5,
                                                              "date": "2017-05-01T00:00:00.000Z",
                                                              "name": "Cashew Nuts",
                                                              "user": "58c2a33cc6cd5a5d15a8fc0c",
                                                            },
                                                            Object {
                                                              "__v": 0,
                                                              "_id": "58890108df9d3e0905a2d605",
                                                              "amount": 6.25,
                                                              "date": "2017-05-25T00:00:00.000Z",
                                                              "name": "Monmouth Coffee",
                                                              "user": "58c2a33cc6cd5a5d15a8fc0c",
                                                            },
                                                            Object {
                                                              "__v": 0,
                                                              "_id": "588b67fbada9d2040bee4ef4",
                                                              "amount": 399,
                                                              "date": "2017-02-27T00:00:00.000Z",
                                                              "name": "Flight to Copenhagen",
                                                              "user": "58c2a33cc6cd5a5d15a8fc0c",
                                                            },
                                                          ]
                                        }
                              />
                              <Connect(Transaction)
                                        transaction={
                                                  Object {
                                                            "__v": 0,
                                                            "_id": "588900efdf9d3e0905a2d604",
                                                            "amount": 4.5,
                                                            "date": "2017-05-01T00:00:00.000Z",
                                                            "name": "Cashew Nuts",
                                                            "user": "58c2a33cc6cd5a5d15a8fc0c",
                                                          }
                                        }
                                        transactions={
                                                  Array [
                                                            Object {
                                                              "__v": 0,
                                                              "_id": "588900efdf9d3e0905a2d604",
                                                              "amount": 4.5,
                                                              "date": "2017-05-01T00:00:00.000Z",
                                                              "name": "Cashew Nuts",
                                                              "user": "58c2a33cc6cd5a5d15a8fc0c",
                                                            },
                                                            Object {
                                                              "__v": 0,
                                                              "_id": "58890108df9d3e0905a2d605",
                                                              "amount": 6.25,
                                                              "date": "2017-05-25T00:00:00.000Z",
                                                              "name": "Monmouth Coffee",
                                                              "user": "58c2a33cc6cd5a5d15a8fc0c",
                                                            },
                                                            Object {
                                                              "__v": 0,
                                                              "_id": "588b67fbada9d2040bee4ef4",
                                                              "amount": 399,
                                                              "date": "2017-02-27T00:00:00.000Z",
                                                              "name": "Flight to Copenhagen",
                                                              "user": "58c2a33cc6cd5a5d15a8fc0c",
                                                            },
                                                          ]
                                        }
                              />
                              <Connect(Transaction)
                                        transaction={
                                                  Object {
                                                            "__v": 0,
                                                            "_id": "588b67fbada9d2040bee4ef4",
                                                            "amount": 399,
                                                            "date": "2017-02-27T00:00:00.000Z",
                                                            "name": "Flight to Copenhagen",
                                                            "user": "58c2a33cc6cd5a5d15a8fc0c",
                                                          }
                                        }
                                        transactions={
                                                  Array [
                                                            Object {
                                                              "__v": 0,
                                                              "_id": "588900efdf9d3e0905a2d604",
                                                              "amount": 4.5,
                                                              "date": "2017-05-01T00:00:00.000Z",
                                                              "name": "Cashew Nuts",
                                                              "user": "58c2a33cc6cd5a5d15a8fc0c",
                                                            },
                                                            Object {
                                                              "__v": 0,
                                                              "_id": "58890108df9d3e0905a2d605",
                                                              "amount": 6.25,
                                                              "date": "2017-05-25T00:00:00.000Z",
                                                              "name": "Monmouth Coffee",
                                                              "user": "58c2a33cc6cd5a5d15a8fc0c",
                                                            },
                                                            Object {
                                                              "__v": 0,
                                                              "_id": "588b67fbada9d2040bee4ef4",
                                                              "amount": 399,
                                                              "date": "2017-02-27T00:00:00.000Z",
                                                              "name": "Flight to Copenhagen",
                                                              "user": "58c2a33cc6cd5a5d15a8fc0c",
                                                            },
                                                          ]
                                        }
                              />
                    </tbody>
          </table>
</section>,
        "_debugID": 2,
        "_renderedOutput": <section
          className="transactions"
>
          <h2>
                    Transactions 
                    <Link
                              className="actionlink"
                              onlyActiveOnIndex={false}
                              style={Object {}}
                              to="/transactions/add"
                    >
                              Add new transaction
                    </Link>
          </h2>
          <table
                    className="financials -transactions"
          >
                    <thead>
                              <tr>
                                        <th
                                                  className=" filterable"
                                                  data-orderby="name-asc"
                                                  onClick={[Function]}
                                        >
                                                  Name
                                        </th>
                                        <th
                                                  className="activefilter"
                                                  data-orderby="date-desc"
                                                  onClick={[Function]}
                                        >
                                                  Date
                                        </th>
                                        <th
                                                  className=""
                                                  data-orderby="amount-asc"
                                                  onClick={[Function]}
                                        >
                                                  Amount
                                        </th>
                                        <th
                                                  className="actions nobor"
                                        >
                                                   
                                        </th>
                                        <th
                                                  className="actions nobor"
                                        >
                                                   
                                        </th>
                              </tr>
                    </thead>
                    <tbody>
                              <Connect(Transaction)
                                        transaction={
                                                  Object {
                                                            "__v": 0,
                                                            "_id": "58890108df9d3e0905a2d605",
                                                            "amount": 6.25,
                                                            "date": "2017-05-25T00:00:00.000Z",
                                                            "name": "Monmouth Coffee",
                                                            "user": "58c2a33cc6cd5a5d15a8fc0c",
                                                          }
                                        }
                                        transactions={
                                                  Array [
                                                            Object {
                                                              "__v": 0,
                                                              "_id": "588900efdf9d3e0905a2d604",
                                                              "amount": 4.5,
                                                              "date": "2017-05-01T00:00:00.000Z",
                                                              "name": "Cashew Nuts",
                                                              "user": "58c2a33cc6cd5a5d15a8fc0c",
                                                            },
                                                            Object {
                                                              "__v": 0,
                                                              "_id": "58890108df9d3e0905a2d605",
                                                              "amount": 6.25,
                                                              "date": "2017-05-25T00:00:00.000Z",
                                                              "name": "Monmouth Coffee",
                                                              "user": "58c2a33cc6cd5a5d15a8fc0c",
                                                            },
                                                            Object {
                                                              "__v": 0,
                                                              "_id": "588b67fbada9d2040bee4ef4",
                                                              "amount": 399,
                                                              "date": "2017-02-27T00:00:00.000Z",
                                                              "name": "Flight to Copenhagen",
                                                              "user": "58c2a33cc6cd5a5d15a8fc0c",
                                                            },
                                                          ]
                                        }
                              />
                              <Connect(Transaction)
                                        transaction={
                                                  Object {
                                                            "__v": 0,
                                                            "_id": "588900efdf9d3e0905a2d604",
                                                            "amount": 4.5,
                                                            "date": "2017-05-01T00:00:00.000Z",
                                                            "name": "Cashew Nuts",
                                                            "user": "58c2a33cc6cd5a5d15a8fc0c",
                                                          }
                                        }
                                        transactions={
                                                  Array [
                                                            Object {
                                                              "__v": 0,
                                                              "_id": "588900efdf9d3e0905a2d604",
                                                              "amount": 4.5,
                                                              "date": "2017-05-01T00:00:00.000Z",
                                                              "name": "Cashew Nuts",
                                                              "user": "58c2a33cc6cd5a5d15a8fc0c",
                                                            },
                                                            Object {
                                                              "__v": 0,
                                                              "_id": "58890108df9d3e0905a2d605",
                                                              "amount": 6.25,
                                                              "date": "2017-05-25T00:00:00.000Z",
                                                              "name": "Monmouth Coffee",
                                                              "user": "58c2a33cc6cd5a5d15a8fc0c",
                                                            },
                                                            Object {
                                                              "__v": 0,
                                                              "_id": "588b67fbada9d2040bee4ef4",
                                                              "amount": 399,
                                                              "date": "2017-02-27T00:00:00.000Z",
                                                              "name": "Flight to Copenhagen",
                                                              "user": "58c2a33cc6cd5a5d15a8fc0c",
                                                            },
                                                          ]
                                        }
                              />
                              <Connect(Transaction)
                                        transaction={
                                                  Object {
                                                            "__v": 0,
                                                            "_id": "588b67fbada9d2040bee4ef4",
                                                            "amount": 399,
                                                            "date": "2017-02-27T00:00:00.000Z",
                                                            "name": "Flight to Copenhagen",
                                                            "user": "58c2a33cc6cd5a5d15a8fc0c",
                                                          }
                                        }
                                        transactions={
                                                  Array [
                                                            Object {
                                                              "__v": 0,
                                                              "_id": "588900efdf9d3e0905a2d604",
                                                              "amount": 4.5,
                                                              "date": "2017-05-01T00:00:00.000Z",
                                                              "name": "Cashew Nuts",
                                                              "user": "58c2a33cc6cd5a5d15a8fc0c",
                                                            },
                                                            Object {
                                                              "__v": 0,
                                                              "_id": "58890108df9d3e0905a2d605",
                                                              "amount": 6.25,
                                                              "date": "2017-05-25T00:00:00.000Z",
                                                              "name": "Monmouth Coffee",
                                                              "user": "58c2a33cc6cd5a5d15a8fc0c",
                                                            },
                                                            Object {
                                                              "__v": 0,
                                                              "_id": "588b67fbada9d2040bee4ef4",
                                                              "amount": 399,
                                                              "date": "2017-02-27T00:00:00.000Z",
                                                              "name": "Flight to Copenhagen",
                                                              "user": "58c2a33cc6cd5a5d15a8fc0c",
                                                            },
                                                          ]
                                        }
                              />
                    </tbody>
          </table>
</section>,
      },
      "_renderedNodeType": 0,
      "_rootNodeID": 0,
      "_topLevelWrapper": null,
      "_updateBatchNumber": null,
      "_warnedAboutRefsInRender": false,
    },
    "getRenderOutput": [Function],
    "render": [Function],
  },
  "root": [Circular],
  "unrendered": <Transactions
    transactions={
        Array [
            Object {
              "__v": 0,
              "_id": "588900efdf9d3e0905a2d604",
              "amount": 4.5,
              "date": "2017-05-01T00:00:00.000Z",
              "name": "Cashew Nuts",
              "user": "58c2a33cc6cd5a5d15a8fc0c",
            },
            Object {
              "__v": 0,
              "_id": "58890108df9d3e0905a2d605",
              "amount": 6.25,
              "date": "2017-05-25T00:00:00.000Z",
              "name": "Monmouth Coffee",
              "user": "58c2a33cc6cd5a5d15a8fc0c",
            },
            Object {
              "__v": 0,
              "_id": "588b67fbada9d2040bee4ef4",
              "amount": 399,
              "date": "2017-02-27T00:00:00.000Z",
              "name": "Flight to Copenhagen",
              "user": "58c2a33cc6cd5a5d15a8fc0c",
            },
          ]
    }
/>,
}
`;
